
Design Space Explorer Report
-------------------------------------------------------------------------------

+------------------------------------------------------------------------+
| Report Information                                                     |
+------------------------------------------------------------------------+
+--------------------+----------------------------------------------------------------+
| Start Date & Time  | Sat Apr 29 15:01:42 Hora Padrão da Bahia 2017                  |
| Working Directory  | C:/quartus                                                     |
| Project Name       | pbl01                                                          |
| Revision Name      | pbl01                                                          |
| Quartus II Version | Version 9.0 Build 184 04/29/2009 Service Pack 1 SJ Web Edition |
+--------------------+----------------------------------------------------------------+

Table of Contents
    Report Information
    Legal Notice
    Flow Messages
    Flow Summary

+-----------------------------------------------------------------------------+
| Legal Notice                                                                |
+-----------------------------------------------------------------------------+
Copyright (C) 1991-2009 Altera Corporation. All rights reserved.
Any  megafunction  design,  and related netlist (encrypted  or  decrypted),
support information,  device programming or simulation file,  and any other
associated  documentation or information  provided by  Altera  or a partner
under  Altera's   Megafunction   Partnership   Program  may  be  used  only
to program  PLD  devices (but not masked  PLD  devices) from  Altera.   Any
other  use  of such  megafunction  design,  netlist,  support  information,
device programming or simulation file,  or any other  related documentation
or information  is prohibited  for  any  other purpose,  including, but not
limited to  modification,  reverse engineering,  de-compiling, or use  with
any other  silicon devices,  unless such use is  explicitly  licensed under
a separate agreement with  Altera  or a megafunction partner.  Title to the
intellectual property,  including patents,  copyrights,  trademarks,  trade
secrets,  or maskworks,  embodied in any such megafunction design, netlist,
support  information,  device programming or simulation file,  or any other
related documentation or information provided by  Altera  or a megafunction
partner, remains with Altera, the megafunction partner, or their respective
licensors. No other licenses, including any licenses needed under any third
party's intellectual property, are provided herein.

+-----------------------------------------------------------------------------+
| Flow Messages                                                               |
+-----------------------------------------------------------------------------+

Info: Loading space: Extra Effort Space
Info: Loading space: Seeds
Info: Design space contains 5 points

+-----------------------------------------------------------------------------+
| Settings for base                                                           |
+-----------------------------------------------------------------------------+
+-----------------------------+----------+
| Setting                     | Value    |
+-----------------------------+----------+
| PLACEMENT_EFFORT_MULTIPLIER | 1.0      |
| SEED                        | 1        |
| FITTER_EFFORT               | AUTO FIT |
+-----------------------------+----------+

Info: Compiling revision pbl01
Info: Recording base results
Info: Archiving base results

+-----------------------------------------------------------------------------+
| Results for base                                                            |
+-----------------------------------------------------------------------------+
+---------------------------------------+----------------------+
| All Clock Hold Failing Paths          | 0                    |
| All Clock Recovery Failing Paths      | 0                    |
| All Clock Removal Failing Paths       | 0                    |
| All Clock Setup Failing Paths         | 0                    |
| All Failing Paths                     | 0                    |
| Average Slack for Failing Paths       | 0                    |
| Clock Period: Geometric Mean          | unknown ns           |
| Elapsed Time: Analysis & Synthesis    | 00:00:03             |
| Elapsed Time: Assembler               | 00:00:00             |
| Elapsed Time: Classic Timing Analyzer | 00:00:01             |
| Elapsed Time: Fitter                  | 00:00:06             |
| Elapsed Time: Total                   | 00:00:10             |
| Quality of Fit                        | 0.0                  |
| Total logic elements                  | 7                    |
| Total memory bits                     | 0                    |
| Total Thermal Power Dissipation       | unknown              |
| Worst-case Slack                      | unknown ns (unknown) |
| Worst-case tpd: Actual Time           | 21.600 ns            |
| Worst-case tpd: Failed Paths          | 0                    |
| Worst-case tpd: Slack                 | unknown              |
+---------------------------------------+----------------------+

Info: Exploring point 1 of 5

+-----------------------------------------------------------------------------+
| Settings for Point 1 of 5                                                   |
+-----------------------------------------------------------------------------+
+-----------------------------+--------------+------------+
| Setting                     | New Value    | Base Value |
+-----------------------------+--------------+------------+
| PLACEMENT_EFFORT_MULTIPLIER | 3.0          | 1.0        |
| SEED                        | 1            | 1          |
| FITTER_EFFORT               | STANDARD FIT | AUTO FIT   |
+-----------------------------+--------------+------------+

Info: Creating temporary revision __dse_temp_rev for point 1
Info: Compiling point 1 of 5
Info: Recording results for point 1 of 5

+-----------------------------------------------------------------------------+
| Detailed Cumulative Results                                                 |
+-----------------------------------------------------------------------------+
+-------------+------------------------------+----------------------------------+---------------------------------+-------------------------------+-------------------+---------------------------------+------------------------------+------------------------------------+-------------------------+---------------------------------------+----------------------+---------------------+----------------+----------------------+-------------------+---------------------------------+----------------------+-----------------------------+------------------------------+-----------------------+
| Point       | All Clock Hold Failing Paths | All Clock Recovery Failing Paths | All Clock Removal Failing Paths | All Clock Setup Failing Paths | All Failing Paths | Average Slack for Failing Paths | Clock Period: Geometric Mean | Elapsed Time: Analysis & Synthesis | Elapsed Time: Assembler | Elapsed Time: Classic Timing Analyzer | Elapsed Time: Fitter | Elapsed Time: Total | Quality of Fit | Total logic elements | Total memory bits | Total Thermal Power Dissipation | Worst-case Slack     | Worst-case tpd: Actual Time | Worst-case tpd: Failed Paths | Worst-case tpd: Slack |
+-------------+------------------------------+----------------------------------+---------------------------------+-------------------------------+-------------------+---------------------------------+------------------------------+------------------------------------+-------------------------+---------------------------------------+----------------------+---------------------+----------------+----------------------+-------------------+---------------------------------+----------------------+-----------------------------+------------------------------+-----------------------+
| base (Best) | 0                            | 0                                | 0                               | 0                             | 0                 | 0                               | unknown ns                   | 00:00:03                           | 00:00:00                | 00:00:01                              | 00:00:06             | 00:00:10            | 0.0            | 7                    | 0                 | unknown                         | unknown ns (unknown) | 21.600 ns                   | 0                            | unknown               |
| 1           | 0                            | 0                                | 0                               | 0                             | 0                 | 0                               | unknown ns                   | 00:00:01                           | 00:00:00                | 00:00:00                              | 00:00:04             | 00:00:05            | 0.0            | 7                    | 0                 | unknown                         | unknown ns (unknown) | 22.000 ns                   | 0                            | unknown               |
+-------------+------------------------------+----------------------------------+---------------------------------+-------------------------------+-------------------+---------------------------------+------------------------------+------------------------------------+-------------------------+---------------------------------------+----------------------+---------------------+----------------+----------------------+-------------------+---------------------------------+----------------------+-----------------------------+------------------------------+-----------------------+

Info: Restoring base settings
Info: Exploring point 2 of 5

+-----------------------------------------------------------------------------+
| Settings for Point 2 of 5                                                   |
+-----------------------------------------------------------------------------+
+-----------------------------+-----------+------------+
| Setting                     | New Value | Base Value |
+-----------------------------+-----------+------------+
| PLACEMENT_EFFORT_MULTIPLIER | 1.0       | 1.0        |
| SEED                        | 3         | 1          |
| FITTER_EFFORT               | AUTO FIT  | AUTO FIT   |
+-----------------------------+-----------+------------+

Info: Creating temporary revision __dse_temp_rev for point 2
Info: Compiling point 2 of 5
Info: Recording results for point 2 of 5

+-----------------------------------------------------------------------------+
| Detailed Cumulative Results                                                 |
+-----------------------------------------------------------------------------+
+-------------+------------------------------+----------------------------------+---------------------------------+-------------------------------+-------------------+---------------------------------+------------------------------+------------------------------------+-------------------------+---------------------------------------+----------------------+---------------------+----------------+----------------------+-------------------+---------------------------------+----------------------+-----------------------------+------------------------------+-----------------------+
| Point       | All Clock Hold Failing Paths | All Clock Recovery Failing Paths | All Clock Removal Failing Paths | All Clock Setup Failing Paths | All Failing Paths | Average Slack for Failing Paths | Clock Period: Geometric Mean | Elapsed Time: Analysis & Synthesis | Elapsed Time: Assembler | Elapsed Time: Classic Timing Analyzer | Elapsed Time: Fitter | Elapsed Time: Total | Quality of Fit | Total logic elements | Total memory bits | Total Thermal Power Dissipation | Worst-case Slack     | Worst-case tpd: Actual Time | Worst-case tpd: Failed Paths | Worst-case tpd: Slack |
+-------------+------------------------------+----------------------------------+---------------------------------+-------------------------------+-------------------+---------------------------------+------------------------------+------------------------------------+-------------------------+---------------------------------------+----------------------+---------------------+----------------+----------------------+-------------------+---------------------------------+----------------------+-----------------------------+------------------------------+-----------------------+
| base (Best) | 0                            | 0                                | 0                               | 0                             | 0                 | 0                               | unknown ns                   | 00:00:03                           | 00:00:00                | 00:00:01                              | 00:00:06             | 00:00:10            | 0.0            | 7                    | 0                 | unknown                         | unknown ns (unknown) | 21.600 ns                   | 0                            | unknown               |
| 1           | 0                            | 0                                | 0                               | 0                             | 0                 | 0                               | unknown ns                   | 00:00:01                           | 00:00:00                | 00:00:00                              | 00:00:04             | 00:00:05            | 0.0            | 7                    | 0                 | unknown                         | unknown ns (unknown) | 22.000 ns                   | 0                            | unknown               |
| 2           | 0                            | 0                                | 0                               | 0                             | 0                 | 0                               | unknown ns                   | 00:00:01                           | 00:00:00                | 00:00:00                              | 00:00:04             | 00:00:05            | 0.0            | 7                    | 0                 | unknown                         | unknown ns (unknown) | 21.600 ns                   | 0                            | unknown               |
+-------------+------------------------------+----------------------------------+---------------------------------+-------------------------------+-------------------+---------------------------------+------------------------------+------------------------------------+-------------------------+---------------------------------------+----------------------+---------------------+----------------+----------------------+-------------------+---------------------------------+----------------------+-----------------------------+------------------------------+-----------------------+

Info: Restoring base settings
Info: Exploring point 3 of 5

+-----------------------------------------------------------------------------+
| Settings for Point 3 of 5                                                   |
+-----------------------------------------------------------------------------+
+-----------------------------+-----------+------------+
| Setting                     | New Value | Base Value |
+-----------------------------+-----------+------------+
| PLACEMENT_EFFORT_MULTIPLIER | 1.0       | 1.0        |
| SEED                        | 5         | 1          |
| FITTER_EFFORT               | AUTO FIT  | AUTO FIT   |
+-----------------------------+-----------+------------+

Info: Creating temporary revision __dse_temp_rev for point 3
Info: Compiling point 3 of 5
Info: Recording results for point 3 of 5

+-----------------------------------------------------------------------------+
| Detailed Cumulative Results                                                 |
+-----------------------------------------------------------------------------+
+-------------+------------------------------+----------------------------------+---------------------------------+-------------------------------+-------------------+---------------------------------+------------------------------+------------------------------------+-------------------------+---------------------------------------+----------------------+---------------------+----------------+----------------------+-------------------+---------------------------------+----------------------+-----------------------------+------------------------------+-----------------------+
| Point       | All Clock Hold Failing Paths | All Clock Recovery Failing Paths | All Clock Removal Failing Paths | All Clock Setup Failing Paths | All Failing Paths | Average Slack for Failing Paths | Clock Period: Geometric Mean | Elapsed Time: Analysis & Synthesis | Elapsed Time: Assembler | Elapsed Time: Classic Timing Analyzer | Elapsed Time: Fitter | Elapsed Time: Total | Quality of Fit | Total logic elements | Total memory bits | Total Thermal Power Dissipation | Worst-case Slack     | Worst-case tpd: Actual Time | Worst-case tpd: Failed Paths | Worst-case tpd: Slack |
+-------------+------------------------------+----------------------------------+---------------------------------+-------------------------------+-------------------+---------------------------------+------------------------------+------------------------------------+-------------------------+---------------------------------------+----------------------+---------------------+----------------+----------------------+-------------------+---------------------------------+----------------------+-----------------------------+------------------------------+-----------------------+
| base (Best) | 0                            | 0                                | 0                               | 0                             | 0                 | 0                               | unknown ns                   | 00:00:03                           | 00:00:00                | 00:00:01                              | 00:00:06             | 00:00:10            | 0.0            | 7                    | 0                 | unknown                         | unknown ns (unknown) | 21.600 ns                   | 0                            | unknown               |
| 1           | 0                            | 0                                | 0                               | 0                             | 0                 | 0                               | unknown ns                   | 00:00:01                           | 00:00:00                | 00:00:00                              | 00:00:04             | 00:00:05            | 0.0            | 7                    | 0                 | unknown                         | unknown ns (unknown) | 22.000 ns                   | 0                            | unknown               |
| 2           | 0                            | 0                                | 0                               | 0                             | 0                 | 0                               | unknown ns                   | 00:00:01                           | 00:00:00                | 00:00:00                              | 00:00:04             | 00:00:05            | 0.0            | 7                    | 0                 | unknown                         | unknown ns (unknown) | 21.600 ns                   | 0                            | unknown               |
| 3           | 0                            | 0                                | 0                               | 0                             | 0                 | 0                               | unknown ns                   | 00:00:02                           | 00:00:01                | 00:00:01                              | 00:00:05             | 00:00:09            | 0.0            | 7                    | 0                 | unknown                         | unknown ns (unknown) | 21.500 ns                   | 0                            | unknown               |
+-------------+------------------------------+----------------------------------+---------------------------------+-------------------------------+-------------------+---------------------------------+------------------------------+------------------------------------+-------------------------+---------------------------------------+----------------------+---------------------+----------------+----------------------+-------------------+---------------------------------+----------------------+-----------------------------+------------------------------+-----------------------+

Info: Restoring base settings
Info: Exploring point 4 of 5

+-----------------------------------------------------------------------------+
| Settings for Point 4 of 5                                                   |
+-----------------------------------------------------------------------------+
+-----------------------------+-----------+------------+
| Setting                     | New Value | Base Value |
+-----------------------------+-----------+------------+
| PLACEMENT_EFFORT_MULTIPLIER | 1.0       | 1.0        |
| SEED                        | 7         | 1          |
| FITTER_EFFORT               | AUTO FIT  | AUTO FIT   |
+-----------------------------+-----------+------------+

Info: Creating temporary revision __dse_temp_rev for point 4
Info: Compiling point 4 of 5
Info: Recording results for point 4 of 5

+-----------------------------------------------------------------------------+
| Detailed Cumulative Results                                                 |
+-----------------------------------------------------------------------------+
+-------------+------------------------------+----------------------------------+---------------------------------+-------------------------------+-------------------+---------------------------------+------------------------------+------------------------------------+-------------------------+---------------------------------------+----------------------+---------------------+----------------+----------------------+-------------------+---------------------------------+----------------------+-----------------------------+------------------------------+-----------------------+
| Point       | All Clock Hold Failing Paths | All Clock Recovery Failing Paths | All Clock Removal Failing Paths | All Clock Setup Failing Paths | All Failing Paths | Average Slack for Failing Paths | Clock Period: Geometric Mean | Elapsed Time: Analysis & Synthesis | Elapsed Time: Assembler | Elapsed Time: Classic Timing Analyzer | Elapsed Time: Fitter | Elapsed Time: Total | Quality of Fit | Total logic elements | Total memory bits | Total Thermal Power Dissipation | Worst-case Slack     | Worst-case tpd: Actual Time | Worst-case tpd: Failed Paths | Worst-case tpd: Slack |
+-------------+------------------------------+----------------------------------+---------------------------------+-------------------------------+-------------------+---------------------------------+------------------------------+------------------------------------+-------------------------+---------------------------------------+----------------------+---------------------+----------------+----------------------+-------------------+---------------------------------+----------------------+-----------------------------+------------------------------+-----------------------+
| base (Best) | 0                            | 0                                | 0                               | 0                             | 0                 | 0                               | unknown ns                   | 00:00:03                           | 00:00:00                | 00:00:01                              | 00:00:06             | 00:00:10            | 0.0            | 7                    | 0                 | unknown                         | unknown ns (unknown) | 21.600 ns                   | 0                            | unknown               |
| 1           | 0                            | 0                                | 0                               | 0                             | 0                 | 0                               | unknown ns                   | 00:00:01                           | 00:00:00                | 00:00:00                              | 00:00:04             | 00:00:05            | 0.0            | 7                    | 0                 | unknown                         | unknown ns (unknown) | 22.000 ns                   | 0                            | unknown               |
| 2           | 0                            | 0                                | 0                               | 0                             | 0                 | 0                               | unknown ns                   | 00:00:01                           | 00:00:00                | 00:00:00                              | 00:00:04             | 00:00:05            | 0.0            | 7                    | 0                 | unknown                         | unknown ns (unknown) | 21.600 ns                   | 0                            | unknown               |
| 3           | 0                            | 0                                | 0                               | 0                             | 0                 | 0                               | unknown ns                   | 00:00:02                           | 00:00:01                | 00:00:01                              | 00:00:05             | 00:00:09            | 0.0            | 7                    | 0                 | unknown                         | unknown ns (unknown) | 21.500 ns                   | 0                            | unknown               |
| 4           | 0                            | 0                                | 0                               | 0                             | 0                 | 0                               | unknown ns                   | 00:00:08                           | 00:00:01                | 00:00:00                              | 00:00:06             | 00:00:15            | 0.0            | 7                    | 0                 | unknown                         | unknown ns (unknown) | 20.900 ns                   | 0                            | unknown               |
+-------------+------------------------------+----------------------------------+---------------------------------+-------------------------------+-------------------+---------------------------------+------------------------------+------------------------------------+-------------------------+---------------------------------------+----------------------+---------------------+----------------+----------------------+-------------------+---------------------------------+----------------------+-----------------------------+------------------------------+-----------------------+

Info: Restoring base settings
Info: Exploring point 5 of 5

+-----------------------------------------------------------------------------+
| Settings for Point 5 of 5                                                   |
+-----------------------------------------------------------------------------+
+-----------------------------+-----------+------------+
| Setting                     | New Value | Base Value |
+-----------------------------+-----------+------------+
| PLACEMENT_EFFORT_MULTIPLIER | 1.0       | 1.0        |
| SEED                        | 11        | 1          |
| FITTER_EFFORT               | AUTO FIT  | AUTO FIT   |
+-----------------------------+-----------+------------+

Info: Creating temporary revision __dse_temp_rev for point 5
Info: Compiling point 5 of 5
Info: Recording results for point 5 of 5

+-----------------------------------------------------------------------------+
| Detailed Cumulative Results                                                 |
+-----------------------------------------------------------------------------+
+-------------+------------------------------+----------------------------------+---------------------------------+-------------------------------+-------------------+---------------------------------+------------------------------+------------------------------------+-------------------------+---------------------------------------+----------------------+---------------------+----------------+----------------------+-------------------+---------------------------------+----------------------+-----------------------------+------------------------------+-----------------------+
| Point       | All Clock Hold Failing Paths | All Clock Recovery Failing Paths | All Clock Removal Failing Paths | All Clock Setup Failing Paths | All Failing Paths | Average Slack for Failing Paths | Clock Period: Geometric Mean | Elapsed Time: Analysis & Synthesis | Elapsed Time: Assembler | Elapsed Time: Classic Timing Analyzer | Elapsed Time: Fitter | Elapsed Time: Total | Quality of Fit | Total logic elements | Total memory bits | Total Thermal Power Dissipation | Worst-case Slack     | Worst-case tpd: Actual Time | Worst-case tpd: Failed Paths | Worst-case tpd: Slack |
+-------------+------------------------------+----------------------------------+---------------------------------+-------------------------------+-------------------+---------------------------------+------------------------------+------------------------------------+-------------------------+---------------------------------------+----------------------+---------------------+----------------+----------------------+-------------------+---------------------------------+----------------------+-----------------------------+------------------------------+-----------------------+
| base (Best) | 0                            | 0                                | 0                               | 0                             | 0                 | 0                               | unknown ns                   | 00:00:03                           | 00:00:00                | 00:00:01                              | 00:00:06             | 00:00:10            | 0.0            | 7                    | 0                 | unknown                         | unknown ns (unknown) | 21.600 ns                   | 0                            | unknown               |
| 1           | 0                            | 0                                | 0                               | 0                             | 0                 | 0                               | unknown ns                   | 00:00:01                           | 00:00:00                | 00:00:00                              | 00:00:04             | 00:00:05            | 0.0            | 7                    | 0                 | unknown                         | unknown ns (unknown) | 22.000 ns                   | 0                            | unknown               |
| 2           | 0                            | 0                                | 0                               | 0                             | 0                 | 0                               | unknown ns                   | 00:00:01                           | 00:00:00                | 00:00:00                              | 00:00:04             | 00:00:05            | 0.0            | 7                    | 0                 | unknown                         | unknown ns (unknown) | 21.600 ns                   | 0                            | unknown               |
| 3           | 0                            | 0                                | 0                               | 0                             | 0                 | 0                               | unknown ns                   | 00:00:02                           | 00:00:01                | 00:00:01                              | 00:00:05             | 00:00:09            | 0.0            | 7                    | 0                 | unknown                         | unknown ns (unknown) | 21.500 ns                   | 0                            | unknown               |
| 4           | 0                            | 0                                | 0                               | 0                             | 0                 | 0                               | unknown ns                   | 00:00:08                           | 00:00:01                | 00:00:00                              | 00:00:06             | 00:00:15            | 0.0            | 7                    | 0                 | unknown                         | unknown ns (unknown) | 20.900 ns                   | 0                            | unknown               |
| 5           | 0                            | 0                                | 0                               | 0                             | 0                 | 0                               | unknown ns                   | 00:00:01                           | 00:00:01                | 00:00:01                              | 00:00:05             | 00:00:08            | 0.0            | 7                    | 0                 | unknown                         | unknown ns (unknown) | 21.400 ns                   | 0                            | unknown               |
+-------------+------------------------------+----------------------------------+---------------------------------+-------------------------------+-------------------+---------------------------------+------------------------------+------------------------------------+-------------------------+---------------------------------------+----------------------+---------------------+----------------+----------------------+-------------------+---------------------------------+----------------------+-----------------------------+------------------------------+-----------------------+

Info: Restoring base settings

+-----------------------------------------------------------------------------+
| Flow Summary                                                                |
+-----------------------------------------------------------------------------+

+-----------------------------------------------------------------------------+
| Detailed Results                                                            |
+-----------------------------------------------------------------------------+
+-------------+------------------------------+----------------------------------+---------------------------------+-------------------------------+-------------------+---------------------------------+------------------------------+------------------------------------+-------------------------+---------------------------------------+----------------------+---------------------+----------------+----------------------+-------------------+---------------------------------+----------------------+-----------------------------+------------------------------+-----------------------+
| Point       | All Clock Hold Failing Paths | All Clock Recovery Failing Paths | All Clock Removal Failing Paths | All Clock Setup Failing Paths | All Failing Paths | Average Slack for Failing Paths | Clock Period: Geometric Mean | Elapsed Time: Analysis & Synthesis | Elapsed Time: Assembler | Elapsed Time: Classic Timing Analyzer | Elapsed Time: Fitter | Elapsed Time: Total | Quality of Fit | Total logic elements | Total memory bits | Total Thermal Power Dissipation | Worst-case Slack     | Worst-case tpd: Actual Time | Worst-case tpd: Failed Paths | Worst-case tpd: Slack |
+-------------+------------------------------+----------------------------------+---------------------------------+-------------------------------+-------------------+---------------------------------+------------------------------+------------------------------------+-------------------------+---------------------------------------+----------------------+---------------------+----------------+----------------------+-------------------+---------------------------------+----------------------+-----------------------------+------------------------------+-----------------------+
| base (Best) | 0                            | 0                                | 0                               | 0                             | 0                 | 0                               | unknown ns                   | 00:00:03                           | 00:00:00                | 00:00:01                              | 00:00:06             | 00:00:10            | 0.0            | 7                    | 0                 | unknown                         | unknown ns (unknown) | 21.600 ns                   | 0                            | unknown               |
| 1           | 0                            | 0                                | 0                               | 0                             | 0                 | 0                               | unknown ns                   | 00:00:01                           | 00:00:00                | 00:00:00                              | 00:00:04             | 00:00:05            | 0.0            | 7                    | 0                 | unknown                         | unknown ns (unknown) | 22.000 ns                   | 0                            | unknown               |
| 2           | 0                            | 0                                | 0                               | 0                             | 0                 | 0                               | unknown ns                   | 00:00:01                           | 00:00:00                | 00:00:00                              | 00:00:04             | 00:00:05            | 0.0            | 7                    | 0                 | unknown                         | unknown ns (unknown) | 21.600 ns                   | 0                            | unknown               |
| 3           | 0                            | 0                                | 0                               | 0                             | 0                 | 0                               | unknown ns                   | 00:00:02                           | 00:00:01                | 00:00:01                              | 00:00:05             | 00:00:09            | 0.0            | 7                    | 0                 | unknown                         | unknown ns (unknown) | 21.500 ns                   | 0                            | unknown               |
| 4           | 0                            | 0                                | 0                               | 0                             | 0                 | 0                               | unknown ns                   | 00:00:08                           | 00:00:01                | 00:00:00                              | 00:00:06             | 00:00:15            | 0.0            | 7                    | 0                 | unknown                         | unknown ns (unknown) | 20.900 ns                   | 0                            | unknown               |
| 5           | 0                            | 0                                | 0                               | 0                             | 0                 | 0                               | unknown ns                   | 00:00:01                           | 00:00:01                | 00:00:01                              | 00:00:05             | 00:00:08            | 0.0            | 7                    | 0                 | unknown                         | unknown ns (unknown) | 21.400 ns                   | 0                            | unknown               |
+-------------+------------------------------+----------------------------------+---------------------------------+-------------------------------+-------------------+---------------------------------+------------------------------+------------------------------------+-------------------------+---------------------------------------+----------------------+---------------------+----------------+----------------------+-------------------+---------------------------------+----------------------+-----------------------------+------------------------------+-----------------------+


+-----------------------------------------------------------------------------+
| Results for Base                                                            |
+-----------------------------------------------------------------------------+
+---------------------------------------+----------------------+
| All Clock Hold Failing Paths          | 0                    |
| All Clock Recovery Failing Paths      | 0                    |
| All Clock Removal Failing Paths       | 0                    |
| All Clock Setup Failing Paths         | 0                    |
| All Failing Paths                     | 0                    |
| Average Slack for Failing Paths       | 0                    |
| Clock Period: Geometric Mean          | unknown ns           |
| Elapsed Time: Analysis & Synthesis    | 00:00:03             |
| Elapsed Time: Assembler               | 00:00:00             |
| Elapsed Time: Classic Timing Analyzer | 00:00:01             |
| Elapsed Time: Fitter                  | 00:00:06             |
| Elapsed Time: Total                   | 00:00:10             |
| Quality of Fit                        | 0.0                  |
| Total logic elements                  | 7                    |
| Total memory bits                     | 0                    |
| Total Thermal Power Dissipation       | unknown              |
| Worst-case Slack                      | unknown ns (unknown) |
| Worst-case tpd: Actual Time           | 21.600 ns            |
| Worst-case tpd: Failed Paths          | 0                    |
| Worst-case tpd: Slack                 | unknown              |
+---------------------------------------+----------------------+

Info: Best results were your base results

+-----------------------------------------------------------------------------+
| Circuit Signature Report                                                    |
+-----------------------------------------------------------------------------+
+---------------------------+--------------------+---------------------+---------------------+
|                           | Average Slack Gain | Average Period Gain | Average Logic Count |
+---------------------------+--------------------+---------------------+---------------------+
| Compile Group 1 (4 seeds) | unknown            | unknown             | 0.000% +/- 0.0%     |
| Compile Group 2 (1 seeds) | unknown            | unknown             | 0.000%              |
+---------------------------+--------------------+---------------------+---------------------+


+-----------------------------------------------------------------------------+
| Circuit Signature Compile Groups                                            |
+-----------------------------------------------------------------------------+
+-----------------+---------------+-----------------------------------+
| Group Name      | Group Members | Group Settings                    |
+-----------------+---------------+-----------------------------------+
| Compile Group 1 | 2 3 4 5       | <Base Settings>                   |
|                 |               | FITTER_EFFORT = AUTO FIT          |
|                 |               | PLACEMENT_EFFORT_MULTIPLIER = 1.0 |
|                 |               |                                   |
+-----------------+---------------+-----------------------------------+
| Compile Group 2 | 1             | FITTER_EFFORT = STANDARD FIT      |
|                 |               | PLACEMENT_EFFORT_MULTIPLIER = 3.0 |
|                 |               |                                   |
+-----------------+---------------+-----------------------------------+

Info: Exploration has finished. 0 errors, 0 warnings
Info: Exploration ended: Sat Apr 29 15:04:03 Hora Padrão da Bahia 2017
Info: Elapsed time: 00:02:19
